Loading required package: SingleCellExperiment
Loading required package: SummarizedExperiment
Loading required package: MatrixGenerics
Loading required package: matrixStats

Attaching package: ‘MatrixGenerics’

The following objects are masked from ‘package:matrixStats’:

    colAlls, colAnyNAs, colAnys, colAvgsPerRowSet, colCollapse,
    colCounts, colCummaxs, colCummins, colCumprods, colCumsums,
    colDiffs, colIQRDiffs, colIQRs, colLogSumExps, colMadDiffs,
    colMads, colMaxs, colMeans2, colMedians, colMins, colOrderStats,
    colProds, colQuantiles, colRanges, colRanks, colSdDiffs, colSds,
    colSums2, colTabulates, colVarDiffs, colVars, colWeightedMads,
    colWeightedMeans, colWeightedMedians, colWeightedSds,
    colWeightedVars, rowAlls, rowAnyNAs, rowAnys, rowAvgsPerColSet,
    rowCollapse, rowCounts, rowCummaxs, rowCummins, rowCumprods,
    rowCumsums, rowDiffs, rowIQRDiffs, rowIQRs, rowLogSumExps,
    rowMadDiffs, rowMads, rowMaxs, rowMeans2, rowMedians, rowMins,
    rowOrderStats, rowProds, rowQuantiles, rowRanges, rowRanks,
    rowSdDiffs, rowSds, rowSums2, rowTabulates, rowVarDiffs, rowVars,
    rowWeightedMads, rowWeightedMeans, rowWeightedMedians,
    rowWeightedSds, rowWeightedVars

Loading required package: GenomicRanges
Loading required package: stats4
Loading required package: BiocGenerics

Attaching package: ‘BiocGenerics’

The following objects are masked from ‘package:stats’:

    IQR, mad, sd, var, xtabs

The following objects are masked from ‘package:base’:

    anyDuplicated, aperm, append, as.data.frame, basename, cbind,
    colnames, dirname, do.call, duplicated, eval, evalq, Filter, Find,
    get, grep, grepl, intersect, is.unsorted, lapply, Map, mapply,
    match, mget, order, paste, pmax, pmax.int, pmin, pmin.int,
    Position, rank, rbind, Reduce, rownames, sapply, setdiff, sort,
    table, tapply, union, unique, unsplit, which.max, which.min

Loading required package: S4Vectors

Attaching package: ‘S4Vectors’

The following object is masked from ‘package:utils’:

    findMatches

The following objects are masked from ‘package:base’:

    expand.grid, I, unname

Loading required package: IRanges
Loading required package: GenomeInfoDb
Loading required package: Biobase
Welcome to Bioconductor

    Vignettes contain introductory material; view with
    'browseVignettes()'. To cite Bioconductor, see
    'citation("Biobase")', and for packages 'citation("pkgname")'.


Attaching package: ‘Biobase’

The following object is masked from ‘package:MatrixGenerics’:

    rowMedians

The following objects are masked from ‘package:matrixStats’:

    anyMissing, rowMedians

Loading required package: SeuratObject
Loading required package: sp

Attaching package: ‘sp’

The following object is masked from ‘package:IRanges’:

    %over%


Attaching package: ‘SeuratObject’

The following object is masked from ‘package:SummarizedExperiment’:

    Assays

The following object is masked from ‘package:GenomicRanges’:

    intersect

The following object is masked from ‘package:GenomeInfoDb’:

    intersect

The following object is masked from ‘package:IRanges’:

    intersect

The following object is masked from ‘package:S4Vectors’:

    intersect

The following object is masked from ‘package:BiocGenerics’:

    intersect

The following objects are masked from ‘package:base’:

    intersect, t


Attaching package: ‘Seurat’

The following object is masked from ‘package:SummarizedExperiment’:

    Assays

scCustomize v3.2.0
If you find the scCustomize useful please cite.
See 'samuel-marsh.github.io/scCustomize/articles/FAQ.html' for citation info.
── Attaching core tidyverse packages ──────────────────────── tidyverse 2.0.0 ──
✔ dplyr     1.1.4     ✔ readr     2.1.5
✔ forcats   1.0.0     ✔ stringr   1.5.2
✔ ggplot2   3.5.2     ✔ tibble    3.3.0
✔ lubridate 1.9.4     ✔ tidyr     1.3.1
✔ purrr     1.1.0     
── Conflicts ────────────────────────────────────────── tidyverse_conflicts() ──
✖ lubridate::%within%() masks IRanges::%within%()
✖ dplyr::collapse()     masks IRanges::collapse()
✖ dplyr::combine()      masks Biobase::combine(), BiocGenerics::combine()
✖ dplyr::count()        masks matrixStats::count()
✖ dplyr::desc()         masks IRanges::desc()
✖ tidyr::expand()       masks S4Vectors::expand()
✖ dplyr::filter()       masks stats::filter()
✖ dplyr::first()        masks S4Vectors::first()
✖ dplyr::lag()          masks stats::lag()
✖ ggplot2::Position()   masks BiocGenerics::Position(), base::Position()
✖ purrr::reduce()       masks GenomicRanges::reduce(), IRanges::reduce()
✖ dplyr::rename()       masks S4Vectors::rename()
✖ lubridate::second()   masks S4Vectors::second()
✖ lubridate::second<-() masks S4Vectors::second<-()
✖ dplyr::slice()        masks IRanges::slice()
ℹ Use the conflicted package (<http://conflicted.r-lib.org/>) to force all conflicts to become errors
[singleR.R] IDC eligibility gate: 90219/105949 cells eligible for blood-IDC reference similarity classification (15730 excluded: non-blood tissue, source-selection-defined stage, or <10 total UMI)
[singleR.R] Zhu SMRU1 reference: 5226 genes before ortholog join, 318 dropped by drop_na() (unmapped/incomplete orthologs), 4908 retained in the final reference
[singleR.R] IDC reference dimensions: 4908 genes x 7 timepoints
Warning messages:
1: `PackageCheck()` was deprecated in SeuratObject 5.0.0.
ℹ Please use `rlang::check_installed()` instead.
ℹ The deprecated feature was likely used in the Seurat package.
  Please report the issue at <https://github.com/satijalab/seurat/issues>. 
2: The `slot` argument of `GetAssayData()` is deprecated as of SeuratObject 5.0.0.
ℹ Please use the `layer` argument instead.
ℹ The deprecated feature was likely used in the Seurat package.
  Please report the issue at <https://github.com/satijalab/seurat/issues>. 
3: Layer ‘counts’ is empty 
4: Layer ‘scale.data’ is empty 
[singleR.R] Test/reference gene intersection: 4908 genes (of 4908 reference genes, 6860 test genes)
[singleR.R] Eligible cells classified: 90219; ineligible cells (gated out, NA by construction): 15730
Modularity Optimizer version 1.3.0 by Ludo Waltman and Nees Jan van Eck

Number of nodes: 105949
Number of edges: 3330260

Running Louvain algorithm...
0%   10   20   30   40   50   60   70   80   90   100%
[----|----|----|----|----|----|----|----|----|----|
**************************************************|
Maximum modularity in 10 random starts: 0.9747
Number of communities: 8
Elapsed time: 34 seconds
2 singletons identified. 6 final clusters.
[singleR.R] Sa2020 source sex-annotation import: 1532 matched cells (of 1571 source-labeled rows)
[singleR.R] Post-integration Anopheles+gametocyte removal filter: 0 cells removed (expected under the current build)
