Modularity Optimizer version 1.3.0 by Ludo Waltman and Nees Jan van Eck

Number of nodes: 105949
Number of edges: 3330260

Running Louvain algorithm...
0%   10   20   30   40   50   60   70   80   90   100%
[----|----|----|----|----|----|----|----|----|----|
**************************************************|
Maximum modularity in 10 random starts: 0.9747
Number of communities: 8
Elapsed time: 35 seconds
2 singletons identified. 6 final clusters.
Modularity Optimizer version 1.3.0 by Ludo Waltman and Nees Jan van Eck

Number of nodes: 105949
Number of edges: 3330260

Running Louvain algorithm...
0%   10   20   30   40   50   60   70   80   90   100%
[----|----|----|----|----|----|----|----|----|----|
**************************************************|
Maximum modularity in 10 random starts: 0.9692
Number of communities: 9
Elapsed time: 39 seconds
2 singletons identified. 7 final clusters.
Warning: Feature names cannot have underscores ('_'), replacing with dashes ('-')
Warning: Feature names cannot have underscores ('_'), replacing with dashes ('-')
Warning message:
The `slot` argument of `GetAssayData()` is deprecated as of SeuratObject 5.0.0.
ℹ Please use the `layer` argument instead.
ℹ The deprecated feature was likely used in the Seurat package.
  Please report the issue at <https://github.com/satijalab/seurat/issues>. 
Warning: Feature names cannot have underscores ('_'), replacing with dashes ('-')
Warning: Feature names cannot have underscores ('_'), replacing with dashes ('-')
=== Reproducibility/stability check ===
                                               test identical_cluster_labels
1                        AT29_same_seed_determinism                     TRUE
2 AT30_gametocyte_call_stability_under_perturbation                       NA
  agreement_metric         metric_type
1                1 adjusted_rand_index
2               NA                <NA>
                                                                                                                                                                    note
1                                                                                           Re-run FindClusters at the same resolution/graph already on the saved object
2 Fraction of originally-called Male/Female gametocyte cells whose new (perturbed-resolution) cluster still clears the same marker-score threshold for the SAME sex call
  perturbed_resolution n_original_gametocyte_cells n_stable_under_perturbation
1                   NA                          NA                          NA
2                 0.08                       22795                       22730
  stability_fraction
1                 NA
2          0.9971485

Wrote audit/phase3_preflight/reproducibility_check.tsv
