=== 1. Checksums of production inputs ===
hep59.../data/Hep59.1.2.seu_20aug2025.rds 
       "203013218936548744516954cb73c39e" 
           study_rds.../ruberto2022_1.rds 
       "12d124e6ad09de22932632a489e05422" 
        gff.ref/PlasmoDB-68_PvivaxP01.gff 
       "6aa6d62aa1b1acf4596d69c6c7bb7d70" 

=== 2. Load Hep59.1.2.seu_20aug2025.rds (author-named local object) ===
dims: 4722 x 1438 
assays: RNA 
meta.data columns:
 [1] "orig.ident"       "nCount_RNA"       "nFeature_RNA"     "species"         
 [5] "day"              "replicate"        "condition"        "uniqueID"        
 [9] "is_outlier"       "nCount_SCT"       "nFeature_SCT"     "SCT_snn_res.0.1" 
[13] "seurat_clusters"  "RNA_snn_res.0.05" "RNA_snn_res.0.2"  "SCT_snn_res.0.05"
[17] "LiverForm"       

LiverForm table:

Hypnozoites   Schizonts 
       1147         291 

Cross-tab day x LiverForm:
      
       Hypnozoites Schizonts
  Five         802       291
  Nine         345         0

Cross-tab replicate x LiverForm:
   
    Hypnozoites Schizonts
  1         711       180
  2         436       111

orig.ident table:

SeuratProject 
         1438 

Seurat object version: 4.0.3 
commands stored:
 [1] "NormalizeData.RNA"        "FindVariableFeatures.RNA"
 [3] "ScaleData.RNA"            "RunPCA.RNA"              
 [5] "RunUMAP.RNA.pca"          "FindNeighbors.RNA.pca"   
 [7] "SCTransform.RNA"          "RunPCA.SCT"              
 [9] "RunUMAP.SCT.pca"          "RunTSNE"                 
[11] "FindNeighbors.SCT.pca"    "FindClusters"            

=== 3. Reproduce script's cell-ID mapping/subset logic ===
Any cells_num values NOT in the 4 expected groups (unmapped new_cells)?
       
        FALSE
  51inf   636
  52inf   457
  91inf   255
  92inf    90
Total source Hep59 cells: 1438 
Unique mapped new_cells_name: 1438 
Duplicated new_cells_name count: 0 

=== 4. Load ruberto2022_1.rds (PlaViSca study object) ===
dims: 6811 x 1438 
n cells: 1438 
unique colnames: 1438 
meta.data columns:
 [1] "orig.ident"           "nCount_RNA"           "nFeature_RNA"        
 [4] "study_pmid"           "run_id"               "study_label"         
 [7] "num_srr"              "pub_year"             "geographic_location" 
[10] "sc_technology"        "sequencer"            "host_species"        
[13] "host_id"              "sample_type"          "parasite_stage"      
[16] "strain"               "day_post_infection"   "treatment"           
[19] "biological_replicate" "barcode"              "liver_form"          

run_id table:

SRR19573609 SRR19573610 SRR19573611 SRR19573612 
         90         457         255         636 

day_post_infection table:

   5    9 
1093  345 

treatment table:

   MMV390048 No_Treatment 
         345         1093 

biological_replicate table:

  1   2 
891 547 

liver_form table (post-join):

Hypnozoites   Schizonts 
       1147         291 

NA liver_form count: 0 

Cross tab run_id x day_post_infection x treatment x biological_replicate:
       run_id day_post_infection    treatment biological_replicate   n
1 SRR19573609                  9    MMV390048                    2  90
2 SRR19573610                  5 No_Treatment                    2 457
3 SRR19573611                  9    MMV390048                    1 255
4 SRR19573612                  5 No_Treatment                    1 636

Cross tab run_id x liver_form:
             
              Hypnozoites Schizonts
  SRR19573609          90         0
  SRR19573610         346       111
  SRR19573611         255         0
  SRR19573612         456       180

Set comparison, study object barcodes vs Hep59-derived mapped barcodes:
study cells: 1438 
mapped (Hep59-derived) unique cells: 1438 
study cells NOT in mapped set: 0 
mapped cells NOT in study set: 0 

=== 5. Exact-duplicate RNA count profiles within ruberto2022_1.rds ===
counts dim: 6811 x 1438 
counts are integer/nonnegative: TRUE TRUE 
Number of exact-duplicate RNA profile groups: 3 
  group size 10 ; profile colSum = 1 ; first 3: 609_ATCCCTGAGGTAGATT,609_GAAATGATCGGATACT,609_GACCAATCAAACAGGC 
  group size 10 ; profile colSum = 1 ; first 3: 609_TTAGTCTGTGAGGATC,610_ATTACTCTCCAAGCTA,610_CAGATACAGGGTCACA 
  group size 517 ; profile colSum = 0 ; first 3: 609_AAACGCTTCACCTCTG,609_ACACGCGGTGCTCTCT,609_ACCCAAAAGGTGATAT 

=== 6. Expression preservation vs raw STARsolo GeneFull/raw matrices ===
SRR19573609 : genes matched 6811 of 6811 raw genes; unequal entries: 0 
SRR19573610 : genes matched 6811 of 6811 raw genes; unequal entries: 0 
SRR19573611 : genes matched 6811 of 6811 raw genes; unequal entries: 0 
SRR19573612 : genes matched 6811 of 6811 raw genes; unequal entries: 0 

Total unequal count entries across all 4 runs: 0 

=== 7. Gene-ID collision check (underscore -> hyphen truncation) ===
n features in study object: 6811 
n unique: 6811 

=== 8. Near-empty parasite count profile investigation ===
Distribution of per-cell total study-object RNA UMI:
   Min. 1st Qu.  Median    Mean 3rd Qu.    Max. 
    0.0     0.0   117.0   801.8   458.0 32365.0 

Cells with 0 total UMI: 517 
Cells with 1 total UMI: 21 
Cells with <=1 total UMI: 538 
Cells with <=10 total UMI: 538 

Near-empty (<=1 UMI) cells by run_id:

SRR19573609 SRR19573610 
         89         449 

Author-object (Hep59) nCount_RNA / nCount_SCT for these same near-empty cells:
   Min. 1st Qu.  Median    Mean 3rd Qu.    Max. 
   66.0   344.0   718.5  1523.6  1490.0 18273.0 
   Min. 1st Qu.  Median    Mean 3rd Qu.    Max. 
  397.0   610.0   719.0   820.3  1093.8  1362.0 

Control: author-object nCount_RNA for cells NOT near-empty in study object:
   Min. 1st Qu.  Median    Mean 3rd Qu.    Max. 
     68     389     983    4117    1934   99674 

=== DONE inspect_ruberto2022_1.R ===
