=== Load deployed cleaned_dataset.rds ===
names(cleaned): mr_data, pca_df, hiv_data, top_genes_exp 
mr_data dim: 105963 x 52 
study_label values:

     Hazzard2022      Hazzard2024 Mancio_silva2022    Ruberto2022_1 
            3294            80024             1494             1438 
   Ruberto2022_2           Sa2020 
            9947             9766 

Ruberto2022_1 rows in deployed mr_data: 1438 

=== Load ruberto2022_1.rds study object for comparison ===
Deployed Ruberto rownames vs study object barcodes:
deployed rows: 1438 ; study cells: 1438 
deployed rownames NOT in study barcodes: 0 
study barcodes NOT in deployed rownames: 0 

=== Deployed metadata field concordance ===
common cells: 1438 

deployed study_pmid table:

36093191 
    1438 

deployed pub_year table:

2022 
1438 

deployed run_id table:

SRR19573609 SRR19573610 SRR19573611 SRR19573612 
         90         457         255         636 

deployed day_post_infection table:

   5    9 
1093  345 

deployed treatment table:

MMV390048      None 
      345      1093 

deployed geographic_location table:

Cambodia_Mondulkiri 
               1438 

deployed sc_technology table:

10x_Chomium_V3 
          1438 

deployed sequencer table:

HiSeq X Ten 
       1438 

deployed host_id table:

BioIVT:BGW 
      1438 

deployed strain table:

Cambodia field isolate 
                  1438 

deployed sample_type table:

Infected host hepatocytes 
                     1438 

=== Final stage/life-cycle field(s) present ===
[1] "parasite_stage"   "liver_form"       "refine_state"     "life_cycle_stage"
[5] "pred_gametocyte" 

 parasite_stage table for Ruberto2022_1 rows:

Liver stage 
       1438 

 liver_form table for Ruberto2022_1 rows:

Hypnozoite   Schizont 
      1147        291 

 refine_state table for Ruberto2022_1 rows:

<NA> 
1438 

 life_cycle_stage table for Ruberto2022_1 rows:

            Hypnozoite Schizont (Liver stage) 
                  1147                    291 

 pred_gametocyte table for Ruberto2022_1 rows:

        Asexual 1        Asexual 10        Asexual 11        Asexual 12 
              806                30                27                27 
       Asexual 13        Asexual 14        Asexual 15        Asexual 16 
               26                26                26                26 
       Asexual 17        Asexual 18        Asexual 19         Asexual 2 
               24                24                23               159 
       Asexual 20         Asexual 4         Asexual 5         Asexual 8 
               19                 6               103                35 
        Asexual 9 Female gametocyte 
               31                20 

=== HPI field ===
[1] "hour_post_invasion"

 hour_post_invasion for Ruberto2022_1 rows, NA count: 0 of 1438 

 12  24  32  36  42  48   6 
 51 262 128 925  24  16  32 

=== barcode field ===
NA count: 0 of 1438 

=== liver_form field presence in deployed data ===
'liver_form' %in% colnames(mr): TRUE 

=== Compare study liver_form to deployed final stage, cell by cell ===
Available final stage columns: life_cycle_stage 

Cross-tab study liver_form x deployed life_cycle_stage :
                
liver_form_study Hypnozoite Schizont (Liver stage)
     Hypnozoites       1147                      0
     Schizonts            0                    291

=== Expression concordance for the near-empty cells in the deployed raw_df ===
raw_df dim: 105963 x 6897 
near-empty study cells also present in deployed raw_df: 538 of 538 
deployed raw_df row-sums (gene columns only) for these cells:
   Min. 1st Qu.  Median    Mean 3rd Qu.    Max. 
0.00000 0.00000 0.00000 0.03903 0.00000 1.00000 

=== DONE inspect_deployed.R ===
